---
source: json_parser/src/parser.rs
expression: parser.parse(&bump)
input_file: test_data/crash/crash000028.json
---
Err(
    ExpectedTokenError {
        expected: [
            Comma,
            RBracket,
        ],
        actual: Illegal,
        origin: "\u{15}",
        invalid_row: 1,
        invalid_col: 72,
    },
)
