---
source: json_parser/src/parser.rs
expression: parser.parse(&bump)
input_file: test_data/fail/fail09.json
snapshot_kind: text
---
Err(
    ExpectedTokenError {
        expected: [
            String,
        ],
        actual: RBrace,
        origin: "}",
        row: 1,
        column: 21,
    },
)
