---
source: json_parser/src/parser.rs
expression: parser.parse(&bump)
input_file: test_data/crash/crash000006.json
snapshot_kind: text
---
Ok(
    Object(
        [
            JsonProperty {
                key: "name",
                value: String(
                    "\\uda00\\ue800\\uggggxy",
                ),
            },
        ],
    ),
)
