---
source: json_parser/src/parser.rs
expression: parser.parse(&bump)
input_file: test_data/fail/fail58.json
snapshot_kind: text
---
Ok(
    Object(
        [
            JsonProperty {
                key: "name",
                value: String(
                    "\\uc0meatmebro",
                ),
            },
        ],
    ),
)
