---
source: json_parser/src/parser.rs
expression: parser.parse(&bump)
input_file: test_data/pass/pass14.json
snapshot_kind: text
---
Ok(
    Object(
        [
            JsonProperty {
                key: "string with backandquote \\\\\\\"",
                value: Number(
                    1.0,
                ),
            },
            JsonProperty {
                key: "string with back\\\\",
                value: Number(
                    2.0,
                ),
            },
        ],
    ),
)
