---
source: json_parser/src/parser.rs
expression: parser.parse(&bump)
input_file: test_data/fail/fail61.json
snapshot_kind: text
---
Ok(
    Object(
        [
            JsonProperty {
                key: "badescape",
                value: String(
                    "\\uxhgj",
                ),
            },
        ],
    ),
)
