---
source: json_parser/src/parser.rs
expression: parser.parse(&bump)
input_file: test_data/crash/crash000029.json
---
Err(
    ExpectedTokenError {
        expected: [
            LBrace,
            LBracket,
        ],
        actual: Illegal,
        origin: "",
        row: 1,
        column: 78,
    },
)
