---
source: json_parser/src/parser.rs
expression: parser.parse(&bump)
input_file: test_data/crash/crash000029.json
---
Err(
    ExpectedTokenError {
        expected: [
            Number,
        ],
        actual: Illegal(
            Some(
                Number(
                    ParseFloatError(
                        ParseFloatError {
                            kind: Invalid,
                        },
                    ),
                ),
            ),
        ),
        origin: "184467440737095516.184467440737095516184467440737095516.184467440737095516.6.6",
        invalid_row: 1,
        invalid_col: 1,
    },
)
