---
source: json_parser/src/parser.rs
expression: parser.parse(&bump)
---
Err(
    ExpectedTokenError {
        expected: [
            String,
            Number,
            True,
            False,
            Null,
            LBrace,
            LBracket,
        ],
        actual: Illegal,
        origin: "029",
        row: 2,
        column: 34,
    },
)
