---
source: json_parser/src/parser.rs
expression: parser.parse(&bump)
input_file: test_data/crash/crash000006.json
snapshot_kind: text
---
Err(
    ExpectedTokenError {
        expected: [
            String,
            Number,
            True,
            False,
            Null,
            LBrace,
            LBracket,
        ],
        actual: Illegal,
        origin: "\\uda00\\ue800\\uggggxy",
        row: 1,
        column: 13,
    },
)
