---
source: json_parser/src/parser.rs
expression: parser.parse(&bump)
input_file: test_data/crash/crash000027.json
snapshot_kind: text
---
Err(
    ExpectedTokenError {
        expected: [
            Comma,
            RBracket,
        ],
        actual: Illegal,
        origin: "S",
        row: 1,
        column: 84,
    },
)
