---
source: json_parser/src/parser.rs
expression: parser.parse(&bump)
input_file: test_data/crash/crash000031.json
---
Err(
    ExpectedTokenError {
        expected: [
            Comma,
            RBracket,
        ],
        actual: Illegal,
        origin: "p",
        row: 1,
        column: 125,
    },
)
