---
source: json_parser/src/parser.rs
expression: parser.parse(&bump)
---
Err(
    ExpectedTokenError {
        expected: [
            String,
            Number,
            Null,
            LBrace,
            LBracket,
            True,
            False,
        ],
        actual: Illegal(
            Some(
                Number(
                    LeadingZero,
                ),
            ),
        ),
        origin: "029",
        invalid_row: 2,
        invalid_col: 34,
    },
)
