---
source: json_parser/src/parser.rs
expression: parser.parse(&bump)
input_file: test_data/fail/fail10.json
snapshot_kind: text
---
Err(
    ExpectedTokenError {
        expected: [
            Eof,
        ],
        actual: String,
        origin: "misplaced quoted value",
        row: 1,
        column: 36,
    },
)
