---
source: json_parser/src/parser.rs
expression: parser.parse(&bump)
input_file: test_data/fail/fail38.json
---
Err(
    ExpectedTokenError {
        expected: [
            Comma,
            RBracket,
        ],
        actual: Illegal,
        origin: "a",
        row: 1,
        column: 6,
    },
)
