---
source: json_parser/src/parser.rs
expression: parser.parse(&bump)
input_file: test_data/pass/pass04.json
snapshot_kind: text
---
Ok(
    Array(
        [
            Number(
                3.141592653589793,
            ),
            Number(
                3e-117,
            ),
        ],
    ),
)
