---
source: parser/src/parser.rs
expression: parser.parse(&bump)
---
Ok(
    Array(
        [
            Object(
                [
                    JsonProperty {
                        key: "one",
                        value: Number(
                            1.0,
                        ),
                    },
                    JsonProperty {
                        key: "zero",
                        value: Number(
                            0.0,
                        ),
                    },
                ],
            ),
        ],
    ),
)
